0.999	University of Delaware	A00976	University of Delaware
0.374	Harvard Smithsonian Center for Astrophysics	A01400	xyz
0.374	Harvard Smithsonian Center for Astrophysics	A01400	Miskatonic U.
0.983	Harvard Smithsonian Center for Astrophysics	A01400	CfA, Cambridge, MA 02138
